[webstatic-sea.mihoyo.com/ys/event/e20210128warmup/index.html]
[backblue.gif]
[fade.gif]
[index.html]
[webstatic-sea.mihoyo.com/upload/static-resource/2021/01/26/d2eedd86177b641984b3e3c8435ed8f9_6983180864625434706.png]
[www.w3.org/1999/xhtml/index.html]
[genshin.mihoyo.com/favicon.ico]
[webstatic-sea.mihoyo.com/ys/event/e20210128warmup/styles.c74d9fb6b5a645d88cd1.css]
[webstatic.mihoyo.com/dora/lib/vconsole/3.2.0/vconsole.min.js]
[webstatic-sea.mihoyo.com/dora/lib/vue/2.6.11/vue.min.js]
[webstatic-sea.mihoyo.com/dora/lib/sentry/5.10.2/sentry.min.js]
[webstatic-sea.mihoyo.com/dora/lib/sentry/5.10.2/sentry-vue.min.js]
[webstatic-sea.mihoyo.com/ys/event/e20210128warmup/styles.e44c141415.js]
[webstatic-sea.mihoyo.com/ys/event/e20210128warmup/vendors.7660fe3542.js]
[webstatic-sea.mihoyo.com/ys/event/e20210128warmup/index.html]
[webstatic-sea.mihoyo.com/ys/event/e20210128warmup/index.0b9744fbd2.js]
[www.w3.org/1999/xhtml/index.html]
[webstatic.mihoyo.com/upload/static-resource/2021/01/19/8d4a717ddd3d568058904a07e1e874b6_1372200492293044066.png]
[webstatic-sea.mihoyo.com/ys/event/e20210128warmup/styles.c74d9fb6b5a645d88cd1.css]
[webstatic.mihoyo.com/dora/lib/vconsole/3.2.0/vconsole.min.js]
[www.w3.org/1999/xlink.html]
[webstatic-sea.mihoyo.com/dora/lib/vue/2.6.11/vue.min.js]
[webstatic-sea.mihoyo.com/dora/lib/sentry/5.10.2/sentry.min.js]
[webstatic-sea.mihoyo.com/dora/lib/sentry/5.10.2/sentry-vue.min.js]
[webstatic-sea.mihoyo.com/ys/event/e20210128warmup/edge/index.html]
[www.w3.org/StyleSheets/TR/base.css]
[www.w3.org/Icons/w3c_home.gif]
[www.w3.org/1999/xlink.html]
[webstatic-sea.mihoyo.com/ys/event/e20210128warmup/POST]
[www.w3.org/StyleSheets/TR/base.css]
